Archive member included to satisfy reference by file (symbol)

c:/st/stm32cubeide_1.7.0/stm32cubeide/plugins/com.st.stm32cube.ide.mcu.externaltools.gnu-tools-for-stm32.9-2020-q2-update.win32_2.0.0.202105311346/tools/bin/../lib/gcc/arm-none-eabi/9.3.1/../../../../arm-none-eabi/lib/thumb/v7-m/nofp\libc_nano.a(lib_a-errno.o)
                              ./Core/Src/syscalls.o (__errno)
c:/st/stm32cubeide_1.7.0/stm32cubeide/plugins/com.st.stm32cube.ide.mcu.externaltools.gnu-tools-for-stm32.9-2020-q2-update.win32_2.0.0.202105311346/tools/bin/../lib/gcc/arm-none-eabi/9.3.1/../../../../arm-none-eabi/lib/thumb/v7-m/nofp\libc_nano.a(lib_a-exit.o)
                              c:/st/stm32cubeide_1.7.0/stm32cubeide/plugins/com.st.stm32cube.ide.mcu.externaltools.gnu-tools-for-stm32.9-2020-q2-update.win32_2.0.0.202105311346/tools/bin/../lib/gcc/arm-none-eabi/9.3.1/../../../../arm-none-eabi/lib/thumb/v7-m/nofp/crt0.o (exit)
c:/st/stm32cubeide_1.7.0/stm32cubeide/plugins/com.st.stm32cube.ide.mcu.externaltools.gnu-tools-for-stm32.9-2020-q2-update.win32_2.0.0.202105311346/tools/bin/../lib/gcc/arm-none-eabi/9.3.1/../../../../arm-none-eabi/lib/thumb/v7-m/nofp\libc_nano.a(lib_a-impure.o)
                              c:/st/stm32cubeide_1.7.0/stm32cubeide/plugins/com.st.stm32cube.ide.mcu.externaltools.gnu-tools-for-stm32.9-2020-q2-update.win32_2.0.0.202105311346/tools/bin/../lib/gcc/arm-none-eabi/9.3.1/../../../../arm-none-eabi/lib/thumb/v7-m/nofp\libc_nano.a(lib_a-exit.o) (_global_impure_ptr)
c:/st/stm32cubeide_1.7.0/stm32cubeide/plugins/com.st.stm32cube.ide.mcu.externaltools.gnu-tools-for-stm32.9-2020-q2-update.win32_2.0.0.202105311346/tools/bin/../lib/gcc/arm-none-eabi/9.3.1/../../../../arm-none-eabi/lib/thumb/v7-m/nofp\libc_nano.a(lib_a-init.o)
                              c:/st/stm32cubeide_1.7.0/stm32cubeide/plugins/com.st.stm32cube.ide.mcu.externaltools.gnu-tools-for-stm32.9-2020-q2-update.win32_2.0.0.202105311346/tools/bin/../lib/gcc/arm-none-eabi/9.3.1/../../../../arm-none-eabi/lib/thumb/v7-m/nofp/crt0.o (__libc_init_array)
c:/st/stm32cubeide_1.7.0/stm32cubeide/plugins/com.st.stm32cube.ide.mcu.externaltools.gnu-tools-for-stm32.9-2020-q2-update.win32_2.0.0.202105311346/tools/bin/../lib/gcc/arm-none-eabi/9.3.1/../../../../arm-none-eabi/lib/thumb/v7-m/nofp\libc_nano.a(lib_a-memset.o)
                              c:/st/stm32cubeide_1.7.0/stm32cubeide/plugins/com.st.stm32cube.ide.mcu.externaltools.gnu-tools-for-stm32.9-2020-q2-update.win32_2.0.0.202105311346/tools/bin/../lib/gcc/arm-none-eabi/9.3.1/../../../../arm-none-eabi/lib/thumb/v7-m/nofp/crt0.o (memset)

Allocating common symbols
Common symbol       size              file

Return_code         0x1               ./Core/Src/main.o
Error_code_G        0x1               ./Core/Src/main.o
KeyReg3             0x28              ./Core/Src/button.o
SCH_tasks_G         0x320             ./Core/Src/main.o
g                   0x1               ./Core/Src/main.o
KeyReg0             0x28              ./Core/Src/button.o
uwTick              0x4               ./Drivers/STM32F1xx_HAL_Driver/Src/stm32f1xx_hal.o
pFlash              0x20              ./Drivers/STM32F1xx_HAL_Driver/Src/stm32f1xx_hal_flash.o
KeyReg1             0x28              ./Core/Src/button.o
TimeOutForKeyPress  0x28              ./Core/Src/button.o
button_flag         0x28              ./Core/Src/button.o
button_pressed      0x28              ./Core/Src/button.o
KeyReg2             0x28              ./Core/Src/button.o
htim2               0x48              ./Core/Src/main.o
button_long_pressed
                    0x28              ./Core/Src/button.o

Discarded input sections

 .text          0x0000000000000000        0x0 c:/st/stm32cubeide_1.7.0/stm32cubeide/plugins/com.st.stm32cube.ide.mcu.externaltools.gnu-tools-for-stm32.9-2020-q2-update.win32_2.0.0.202105311346/tools/bin/../lib/gcc/arm-none-eabi/9.3.1/thumb/v7-m/nofp/crti.o
 .data          0x0000000000000000        0x0 c:/st/stm32cubeide_1.7.0/stm32cubeide/plugins/com.st.stm32cube.ide.mcu.externaltools.gnu-tools-for-stm32.9-2020-q2-update.win32_2.0.0.202105311346/tools/bin/../lib/gcc/arm-none-eabi/9.3.1/thumb/v7-m/nofp/crti.o
 .bss           0x0000000000000000        0x0 c:/st/stm32cubeide_1.7.0/stm32cubeide/plugins/com.st.stm32cube.ide.mcu.externaltools.gnu-tools-for-stm32.9-2020-q2-update.win32_2.0.0.202105311346/tools/bin/../lib/gcc/arm-none-eabi/9.3.1/thumb/v7-m/nofp/crti.o
 .data          0x0000000000000000        0x4 c:/st/stm32cubeide_1.7.0/stm32cubeide/plugins/com.st.stm32cube.ide.mcu.externaltools.gnu-tools-for-stm32.9-2020-q2-update.win32_2.0.0.202105311346/tools/bin/../lib/gcc/arm-none-eabi/9.3.1/thumb/v7-m/nofp/crtbegin.o
 .text          0x0000000000000000       0x7c c:/st/stm32cubeide_1.7.0/stm32cubeide/plugins/com.st.stm32cube.ide.mcu.externaltools.gnu-tools-for-stm32.9-2020-q2-update.win32_2.0.0.202105311346/tools/bin/../lib/gcc/arm-none-eabi/9.3.1/../../../../arm-none-eabi/lib/thumb/v7-m/nofp/crt0.o
[...]
Memory Configuration

Name             Origin             Length             Attributes
RAM              0x0000000020000000 0x0000000000002800 xrw
FLASH            0x0000000008000000 0x0000000000008000 xr
*default*        0x0000000000000000 0xffffffffffffffff

Linker script and memory map

LOAD c:/st/stm32cubeide_1.7.0/stm32cubeide/plugins/com.st.stm32cube.ide.mcu.externaltools.gnu-tools-for-stm32.9-2020-q2-update.win32_2.0.0.202105311346/tools/bin/../lib/gcc/arm-none-eabi/9.3.1/thumb/v7-m/nofp/crti.o
LOAD c:/st/stm32cubeide_1.7.0/stm32cubeide/plugins/com.st.stm32cube.ide.mcu.externaltools.gnu-tools-for-stm32.9-2020-q2-update.win32_2.0.0.202105311346/tools/bin/../lib/gcc/arm-none-eabi/9.3.1/thumb/v7-m/nofp/crtbegin.o
LOAD c:/st/stm32cubeide_1.7.0/stm32cubeide/plugins/com.st.stm32cube.ide.mcu.externaltools.gnu-tools-for-stm32.9-2020-q2-update.win32_2.0.0.202105311346/tools/bin/../lib/gcc/arm-none-eabi/9.3.1/../../../../arm-none-eabi/lib/thumb/v7-m/nofp/crt0.o
LOAD ./Core/Src/button.o
LOAD ./Core/Src/fsm_automatic.o
LOAD ./Core/Src/fsm_manual.o
LOAD ./Core/Src/fsm_setting.o
LOAD ./Core/Src/global.o
LOAD ./Core/Src/led7_segment.o
LOAD ./Core/Src/main.o
LOAD ./Core/Src/scheduler.o
LOAD ./Core/Src/software_timer.o
LOAD ./Core/Src/stm32f1xx_hal_msp.o
LOAD ./Core/Src/stm32f1xx_it.o
LOAD ./Core/Src/syscalls.o
LOAD ./Core/Src/sysmem.o
LOAD ./Core/Src/system_stm32f1xx.o
LOAD ./Core/Src/traffic_light.o
LOAD ./Core/Startup/startup_stm32f103c6tx.o
LOAD ./Drivers/STM32F1xx_HAL_Driver/Src/stm32f1xx_hal.o
LOAD ./Drivers/STM32F1xx_HAL_Driver/Src/stm32f1xx_hal_cortex.o
LOAD ./Drivers/STM32F1xx_HAL_Driver/Src/stm32f1xx_hal_dma.o
LOAD ./Drivers/STM32F1xx_HAL_Driver/Src/stm32f1xx_hal_exti.o
LOAD ./Drivers/STM32F1xx_HAL_Driver/Src/stm32f1xx_hal_flash.o
LOAD ./Drivers/STM32F1xx_HAL_Driver/Src/stm32f1xx_hal_flash_ex.o
LOAD ./Drivers/STM32F1xx_HAL_Driver/Src/stm32f1xx_hal_gpio.o
LOAD ./Drivers/STM32F1xx_HAL_Driver/Src/stm32f1xx_hal_gpio_ex.o
LOAD ./Drivers/STM32F1xx_HAL_Driver/Src/stm32f1xx_hal_pwr.o
LOAD ./Drivers/STM32F1xx_HAL_Driver/Src/stm32f1xx_hal_rcc.o
LOAD ./Drivers/STM32F1xx_HAL_Driver/Src/stm32f1xx_hal_rcc_ex.o
LOAD ./Drivers/STM32F1xx_HAL_Driver/Src/stm32f1xx_hal_tim.o
LOAD ./Drivers/STM32F1xx_HAL_Driver/Src/stm32f1xx_hal_tim_ex.o
START GROUP
LOAD c:/st/stm32cubeide_1.7.0/stm32cubeide/plugins/com.st.stm32cube.ide.mcu.externaltools.gnu-tools-for-stm32.9-2020-q2-update.win32_2.0.0.202105311346/tools/bin/../lib/gcc/arm-none-eabi/9.3.1/../../../../arm-none-eabi/lib/thumb/v7-m/nofp\libc_nano.a
LOAD c:/st/stm32cubeide_1.7.0/stm32cubeide/plugins/com.st.stm32cube.ide.mcu.externaltools.gnu-tools-for-stm32.9-2020-q2-update.win32_2.0.0.202105311346/tools/bin/../lib/gcc/arm-none-eabi/9.3.1/../../../../arm-none-eabi/lib/thumb/v7-m/nofp\libm.a
END GROUP
START GROUP
LOAD c:/st/stm32cubeide_1.7.0/stm32cubeide/plugins/com.st.stm32cube.ide.mcu.externaltools.gnu-tools-for-stm32.9-2020-q2-update.win32_2.0.0.202105311346/tools/bin/../lib/gcc/arm-none-eabi/9.3.1/thumb/v7-m/nofp\libgcc.a
LOAD c:/st/stm32cubeide_1.7.0/stm32cubeide/plugins/com.st.stm32cube.ide.mcu.externaltools.gnu-tools-for-stm32.9-2020-q2-update.win32_2.0.0.202105311346/tools/bin/../lib/gcc/arm-none-eabi/9.3.1/../../../../arm-none-eabi/lib/thumb/v7-m/nofp\libc_nano.a
END GROUP
START GROUP
LOAD c:/st/stm32cubeide_1.7.0/stm32cubeide/plugins/com.st.stm32cube.ide.mcu.externaltools.gnu-tools-for-stm32.9-2020-q2-update.win32_2.0.0.202105311346/tools/bin/../lib/gcc/arm-none-eabi/9.3.1/thumb/v7-m/nofp\libgcc.a
LOAD c:/st/stm32cubeide_1.7.0/stm32cubeide/plugins/com.st.stm32cube.ide.mcu.externaltools.gnu-tools-for-stm32.9-2020-q2-update.win32_2.0.0.202105311346/tools/bin/../lib/gcc/arm-none-eabi/9.3.1/../../../../arm-none-eabi/lib/thumb/v7-m/nofp\libc_nano.a
LOAD c:/st/stm32cubeide_1.7.0/stm32cubeide/plugins/com.st.stm32cube.ide.mcu.externaltools.gnu-tools-for-stm32.9-2020-q2-update.win32_2.0.0.202105311346/tools/bin/../lib/gcc/arm-none-eabi/9.3.1/../../../../arm-none-eabi/lib/thumb/v7-m/nofp\libnosys.a
END GROUP
START GROUP
LOAD c:/st/stm32cubeide_1.7.0/stm32cubeide/plugins/com.st.stm32cube.ide.mcu.externaltools.gnu-tools-for-stm32.9-2020-q2-update.win32_2.0.0.202105311346/tools/bin/../lib/gcc/arm-none-eabi/9.3.1/thumb/v7-m/nofp\libgcc.a
LOAD c:/st/stm32cubeide_1.7.0/stm32cubeide/plugins/com.st.stm32cube.ide.mcu.externaltools.gnu-tools-for-stm32.9-2020-q2-update.win32_2.0.0.202105311346/tools/bin/../lib/gcc/arm-none-eabi/9.3.1/../../../../arm-none-eabi/lib/thumb/v7-m/nofp\libc_nano.a
LOAD c:/st/stm32cubeide_1.7.0/stm32cubeide/plugins/com.st.stm32cube.ide.mcu.externaltools.gnu-tools-for-stm32.9-2020-q2-update.win32_2.0.0.202105311346/tools/bin/../lib/gcc/arm-none-eabi/9.3.1/../../../../arm-none-eabi/lib/thumb/v7-m/nofp\libnosys.a
END GROUP
LOAD c:/st/stm32cubeide_1.7.0/stm32cubeide/plugins/com.st.stm32cube.ide.mcu.externaltools.gnu-tools-for-stm32.9-2020-q2-update.win32_2.0.0.202105311346/tools/bin/../lib/gcc/arm-none-eabi/9.3.1/thumb/v7-m/nofp/crtend.o
LOAD c:/st/stm32cubeide_1.7.0/stm32cubeide/plugins/com.st.stm32cube.ide.mcu.externaltools.gnu-tools-for-stm32.9-2020-q2-update.win32_2.0.0.202105311346/tools/bin/../lib/gcc/arm-none-eabi/9.3.1/thumb/v7-m/nofp/crtn.o
                0x0000000020002800                _estack = (ORIGIN (RAM) + LENGTH (RAM))
                0x0000000000000200                _Min_Heap_Size = 0x200
                0x0000000000000400                _Min_Stack_Size = 0x400

.isr_vector     0x0000000008000000      0x10c
                0x0000000008000000                . = ALIGN (0x4)
 *(.isr_vector)
 .isr_vector    0x0000000008000000      0x10c ./Core/Startup/startup_stm32f103c6tx.o
                0x0000000008000000                g_pfnVectors
                0x000000000800010c                . = ALIGN (0x4)

.text           0x000000000800010c     0x2350
                0x000000000800010c                . = ALIGN (0x4)
 *(.text)
 .text          0x000000000800010c       0x40 c:/st/stm32cubeide_1.7.0/stm32cubeide/plugins/com.st.stm32cube.ide.mcu.externaltools.gnu-tools-for-stm32.9-2020-q2-update.win32_2.0.0.202105311346/tools/bin/../lib/gcc/arm-none-eabi/9.3.1/thumb/v7-m/nofp/crtbegin.o
 *(.text*)
 .text.initButton
                0x000000000800014c       0x98 ./Core/Src/button.o
                0x000000000800014c                initButton
 .text.isButtonPressed
                0x00000000080001e4       0x34 ./Core/Src/button.o
                0x00000000080001e4                isButtonPressed
 .text.getKeyInput
                0x0000000008000218      0x150 ./Core/Src/button.o
                0x0000000008000218                getKeyInput
 .text.fsm_automatic_run
                0x0000000008000368      0x24c ./Core/Src/fsm_automatic.o
                0x0000000008000368                fsm_automatic_run
 .text.updateClockBuffer1
                0x00000000080005b4       0x48 ./Core/Src/led7_segment.o
                0x00000000080005b4                updateClockBuffer1
 .text.updateClockBuffer2
                0x00000000080005fc       0x48 ./Core/Src/led7_segment.o
                0x00000000080005fc                updateClockBuffer2
 .text.main     0x0000000008000644       0x48 ./Core/Src/main.o
                0x0000000008000644                main
 .text.SystemClock_Config
                0x000000000800068c       0x76 ./Core/Src/main.o
                0x000000000800068c                SystemClock_Config
 *fill*         0x0000000008000702        0x2 
 .text.MX_TIM2_Init
                0x0000000008000704       0x98 ./Core/Src/main.o
 .text.MX_GPIO_Init
                0x000000000800079c       0xc0 ./Core/Src/main.o
 .text.HAL_TIM_PeriodElapsedCallback
                0x000000000800085c       0x14 ./Core/Src/main.o
                0x000000000800085c                HAL_TIM_PeriodElapsedCallback
 .text.Error_Handler
                0x0000000008000870        0xa ./Core/Src/main.o
                0x0000000008000870                Error_Handler
 *fill*         0x000000000800087a        0x2 
 .text.SCH_Init
                0x000000000800087c       0x34 ./Core/Src/scheduler.o
                0x000000000800087c                SCH_Init
 .text.SCH_Update
                0x00000000080008b0       0xe0 ./Core/Src/scheduler.o
                0x00000000080008b0                SCH_Update
 .text.SCH_Add_Task
                0x0000000008000990       0xa4 ./Core/Src/scheduler.o
                0x0000000008000990                SCH_Add_Task
 .text.SCH_Dispatch_Tasks
                0x0000000008000a34       0x98 ./Core/Src/scheduler.o
                0x0000000008000a34                SCH_Dispatch_Tasks
 .text.SCH_Delete_Task
                0x0000000008000acc       0x98 ./Core/Src/scheduler.o
                0x0000000008000acc                SCH_Delete_Task
 .text.HAL_MspInit
                0x0000000008000b64       0x64 ./Core/Src/stm32f1xx_hal_msp.o
                0x0000000008000b64                HAL_MspInit
 .text.HAL_TIM_Base_MspInit
                0x0000000008000bc8       0x48 ./Core/Src/stm32f1xx_hal_msp.o
                0x0000000008000bc8                HAL_TIM_Base_MspInit
 .text.NMI_Handler
                0x0000000008000c10        0x6 ./Core/Src/stm32f1xx_it.o
                0x0000000008000c10                NMI_Handler
 .text.HardFault_Handler
                0x0000000008000c16        0x6 ./Core/Src/stm32f1xx_it.o
                0x0000000008000c16                HardFault_Handler
 .text.MemManage_Handler
                0x0000000008000c1c        0x6 ./Core/Src/stm32f1xx_it.o
                0x0000000008000c1c                MemManage_Handler
 .text.BusFault_Handler
                0x0000000008000c22        0x6 ./Core/Src/stm32f1xx_it.o
                0x0000000008000c22                BusFault_Handler
 .text.UsageFault_Handler
                0x0000000008000c28        0x6 ./Core/Src/stm32f1xx_it.o
                0x0000000008000c28                UsageFault_Handler
 .text.SVC_Handler
                0x0000000008000c2e        0xc ./Core/Src/stm32f1xx_it.o
                0x0000000008000c2e                SVC_Handler
 .text.DebugMon_Handler
                0x0000000008000c3a        0xc ./Core/Src/stm32f1xx_it.o
                0x0000000008000c3a                DebugMon_Handler
 .text.PendSV_Handler
                0x0000000008000c46        0xc ./Core/Src/stm32f1xx_it.o
                0x0000000008000c46                PendSV_Handler
 .text.SysTick_Handler
                0x0000000008000c52        0xc ./Core/Src/stm32f1xx_it.o
                0x0000000008000c52                SysTick_Handler
 *fill*         0x0000000008000c5e        0x2 
 .text.TIM2_IRQHandler
                0x0000000008000c60       0x14 ./Core/Src/stm32f1xx_it.o
                0x0000000008000c60                TIM2_IRQHandler
 .text.SystemInit
                0x0000000008000c74        0xc ./Core/Src/system_stm32f1xx.o
                0x0000000008000c74                SystemInit
 .text.trafficG_R
                0x0000000008000c80       0x4c ./Core/Src/traffic_light.o
                0x0000000008000c80                trafficG_R
 .text.trafficY_R
                0x0000000008000ccc       0x4c ./Core/Src/traffic_light.o
                0x0000000008000ccc                trafficY_R
 .text.trafficR_G
                0x0000000008000d18       0x4c ./Core/Src/traffic_light.o
                0x0000000008000d18                trafficR_G
 .text.trafficR_Y
                0x0000000008000d64       0x4c ./Core/Src/traffic_light.o
                0x0000000008000d64                trafficR_Y
 .text.clearLed
                0x0000000008000db0       0x4c ./Core/Src/traffic_light.o
                0x0000000008000db0                clearLed
 .text.Reset_Handler
                0x0000000008000dfc       0x48 ./Core/Startup/startup_stm32f103c6tx.o
                0x0000000008000dfc                Reset_Handler
 .text.Default_Handler
                0x0000000008000e44        0x2 ./Core/Startup/startup_stm32f103c6tx.o
                0x0000000008000e44                RTC_Alarm_IRQHandler
                0x0000000008000e44                EXTI2_IRQHandler
                0x0000000008000e44                TIM1_CC_IRQHandler
                0x0000000008000e44                PVD_IRQHandler
                0x0000000008000e44                EXTI3_IRQHandler
                0x0000000008000e44                EXTI0_IRQHandler
                0x0000000008000e44                ADC1_2_IRQHandler
                0x0000000008000e44                SPI1_IRQHandler
                0x0000000008000e44                TAMPER_IRQHandler
                0x0000000008000e44                DMA1_Channel4_IRQHandler
                0x0000000008000e44                RTC_IRQHandler
                0x0000000008000e44                DMA1_Channel7_IRQHandler
                0x0000000008000e44                CAN1_RX1_IRQHandler
                0x0000000008000e44                I2C1_EV_IRQHandler
                0x0000000008000e44                DMA1_Channel6_IRQHandler
                0x0000000008000e44                TIM3_IRQHandler
                0x0000000008000e44                RCC_IRQHandler
                0x0000000008000e44                TIM1_TRG_COM_IRQHandler
                0x0000000008000e44                DMA1_Channel1_IRQHandler
                0x0000000008000e44                Default_Handler
                0x0000000008000e44                EXTI15_10_IRQHandler
                0x0000000008000e44                EXTI9_5_IRQHandler
                0x0000000008000e44                DMA1_Channel5_IRQHandler
                0x0000000008000e44                EXTI4_IRQHandler
                0x0000000008000e44                USB_LP_CAN1_RX0_IRQHandler
                0x0000000008000e44                USB_HP_CAN1_TX_IRQHandler
                0x0000000008000e44                DMA1_Channel3_IRQHandler
                0x0000000008000e44                TIM1_UP_IRQHandler
                0x0000000008000e44                WWDG_IRQHandler
                0x0000000008000e44                TIM1_BRK_IRQHandler
                0x0000000008000e44                EXTI1_IRQHandler
                0x0000000008000e44                USART2_IRQHandler
                0x0000000008000e44                DMA1_Channel2_IRQHandler
                0x0000000008000e44                CAN1_SCE_IRQHandler
                0x0000000008000e44                FLASH_IRQHandler
                0x0000000008000e44                USART1_IRQHandler
                0x0000000008000e44                I2C1_ER_IRQHandler
                0x0000000008000e44                USBWakeUp_IRQHandler
 *fill*         0x0000000008000e46        0x2 
 .text.HAL_Init
                0x0000000008000e48       0x2c ./Drivers/STM32F1xx_HAL_Driver/Src/stm32f1xx_hal.o
                0x0000000008000e48                HAL_Init
 .text.HAL_InitTick
                0x0000000008000e74       0x60 ./Drivers/STM32F1xx_HAL_Driver/Src/stm32f1xx_hal.o
                0x0000000008000e74                HAL_InitTick
 .text.HAL_IncTick
                0x0000000008000ed4       0x24 ./Drivers/STM32F1xx_HAL_Driver/Src/stm32f1xx_hal.o
                0x0000000008000ed4                HAL_IncTick
 .text.HAL_GetTick
                0x0000000008000ef8       0x14 ./Drivers/STM32F1xx_HAL_Driver/Src/stm32f1xx_hal.o
                0x0000000008000ef8                HAL_GetTick
 .text.__NVIC_SetPriorityGrouping
                0x0000000008000f0c       0x48 ./Drivers/STM32F1xx_HAL_Driver/Src/stm32f1xx_hal_cortex.o
 .text.__NVIC_GetPriorityGrouping
                0x0000000008000f54       0x1c ./Drivers/STM32F1xx_HAL_Driver/Src/stm32f1xx_hal_cortex.o
 .text.__NVIC_EnableIRQ
                0x0000000008000f70       0x38 ./Drivers/STM32F1xx_HAL_Driver/Src/stm32f1xx_hal_cortex.o
 .text.__NVIC_SetPriority
                0x0000000008000fa8       0x54 ./Drivers/STM32F1xx_HAL_Driver/Src/stm32f1xx_hal_cortex.o
 .text.NVIC_EncodePriority
                0x0000000008000ffc       0x64 ./Drivers/STM32F1xx_HAL_Driver/Src/stm32f1xx_hal_cortex.o
 .text.SysTick_Config
                0x0000000008001060       0x44 ./Drivers/STM32F1xx_HAL_Driver/Src/stm32f1xx_hal_cortex.o
 .text.HAL_NVIC_SetPriorityGrouping
                0x00000000080010a4       0x16 ./Drivers/STM32F1xx_HAL_Driver/Src/stm32f1xx_hal_cortex.o
                0x00000000080010a4                HAL_NVIC_SetPriorityGrouping
 .text.HAL_NVIC_SetPriority
                0x00000000080010ba       0x38 ./Drivers/STM32F1xx_HAL_Driver/Src/stm32f1xx_hal_cortex.o
                0x00000000080010ba                HAL_NVIC_SetPriority
 .text.HAL_NVIC_EnableIRQ
                0x00000000080010f2       0x1c ./Drivers/STM32F1xx_HAL_Driver/Src/stm32f1xx_hal_cortex.o
                0x00000000080010f2                HAL_NVIC_EnableIRQ
 .text.HAL_SYSTICK_Config
                0x000000000800110e       0x18 ./Drivers/STM32F1xx_HAL_Driver/Src/stm32f1xx_hal_cortex.o
                0x000000000800110e                HAL_SYSTICK_Config
 *fill*         0x0000000008001126        0x2 
 .text.HAL_GPIO_Init
                0x0000000008001128      0x2f4 ./Drivers/STM32F1xx_HAL_Driver/Src/stm32f1xx_hal_gpio.o
                0x0000000008001128                HAL_GPIO_Init
 .text.HAL_GPIO_ReadPin
                0x000000000800141c       0x2e ./Drivers/STM32F1xx_HAL_Driver/Src/stm32f1xx_hal_gpio.o
                0x000000000800141c                HAL_GPIO_ReadPin
 .text.HAL_GPIO_WritePin
                0x000000000800144a       0x30 ./Drivers/STM32F1xx_HAL_Driver/Src/stm32f1xx_hal_gpio.o
                0x000000000800144a                HAL_GPIO_WritePin
 *fill*         0x000000000800147a        0x2 
 .text.HAL_RCC_OscConfig
                0x000000000800147c      0x500 ./Drivers/STM32F1xx_HAL_Driver/Src/stm32f1xx_hal_rcc.o
                0x000000000800147c                HAL_RCC_OscConfig
 .text.HAL_RCC_ClockConfig
                0x000000000800197c      0x1d4 ./Drivers/STM32F1xx_HAL_Driver/Src/stm32f1xx_hal_rcc.o
                0x000000000800197c                HAL_RCC_ClockConfig
 .text.HAL_RCC_GetSysClockFreq
                0x0000000008001b50       0xa8 ./Drivers/STM32F1xx_HAL_Driver/Src/stm32f1xx_hal_rcc.o
                0x0000000008001b50                HAL_RCC_GetSysClockFreq
 .text.RCC_Delay
                0x0000000008001bf8       0x3c ./Drivers/STM32F1xx_HAL_Driver/Src/stm32f1xx_hal_rcc.o
 .text.HAL_TIM_Base_Init
                0x0000000008001c34       0x9e ./Drivers/STM32F1xx_HAL_Driver/Src/stm32f1xx_hal_tim.o
                0x0000000008001c34                HAL_TIM_Base_Init
 *fill*         0x0000000008001cd2        0x2 
 .text.HAL_TIM_Base_Start_IT
                0x0000000008001cd4       0x98 ./Drivers/STM32F1xx_HAL_Driver/Src/stm32f1xx_hal_tim.o
                0x0000000008001cd4                HAL_TIM_Base_Start_IT
 .text.HAL_TIM_IRQHandler
                0x0000000008001d6c      0x1e0 ./Drivers/STM32F1xx_HAL_Driver/Src/stm32f1xx_hal_tim.o
                0x0000000008001d6c                HAL_TIM_IRQHandler
 .text.HAL_TIM_ConfigClockSource
                0x0000000008001f4c      0x18e ./Drivers/STM32F1xx_HAL_Driver/Src/stm32f1xx_hal_tim.o
                0x0000000008001f4c                HAL_TIM_ConfigClockSource
 .text.HAL_TIM_OC_DelayElapsedCallback
                0x00000000080020da       0x12 ./Drivers/STM32F1xx_HAL_Driver/Src/stm32f1xx_hal_tim.o
                0x00000000080020da                HAL_TIM_OC_DelayElapsedCallback
 .text.HAL_TIM_IC_CaptureCallback
                0x00000000080020ec       0x12 ./Drivers/STM32F1xx_HAL_Driver/Src/stm32f1xx_hal_tim.o
                0x00000000080020ec                HAL_TIM_IC_CaptureCallback
 .text.HAL_TIM_PWM_PulseFinishedCallback
                0x00000000080020fe       0x12 ./Drivers/STM32F1xx_HAL_Driver/Src/stm32f1xx_hal_tim.o
                0x00000000080020fe                HAL_TIM_PWM_PulseFinishedCallback
 .text.HAL_TIM_TriggerCallback
                0x0000000008002110       0x12 ./Drivers/STM32F1xx_HAL_Driver/Src/stm32f1xx_hal_tim.o
                0x0000000008002110                HAL_TIM_TriggerCallback
 *fill*         0x0000000008002122        0x2 
 .text.TIM_Base_SetConfig
                0x0000000008002124       0xc8 ./Drivers/STM32F1xx_HAL_Driver/Src/stm32f1xx_hal_tim.o
                0x0000000008002124                TIM_Base_SetConfig
 .text.TIM_TI1_ConfigInputStage
                0x00000000080021ec       0x5c ./Drivers/STM32F1xx_HAL_Driver/Src/stm32f1xx_hal_tim.o
 .text.TIM_TI2_ConfigInputStage
                0x0000000008002248       0x5e ./Drivers/STM32F1xx_HAL_Driver/Src/stm32f1xx_hal_tim.o
 .text.TIM_ITRx_SetConfig
                0x00000000080022a6       0x34 ./Drivers/STM32F1xx_HAL_Driver/Src/stm32f1xx_hal_tim.o
 .text.TIM_ETR_SetConfig
                0x00000000080022da       0x3e ./Drivers/STM32F1xx_HAL_Driver/Src/stm32f1xx_hal_tim.o
                0x00000000080022da                TIM_ETR_SetConfig
 .text.HAL_TIMEx_MasterConfigSynchronization
                0x0000000008002318       0xb0 ./Drivers/STM32F1xx_HAL_Driver/Src/stm32f1xx_hal_tim_ex.o
                0x0000000008002318                HAL_TIMEx_MasterConfigSynchronization
 .text.HAL_TIMEx_CommutCallback
                0x00000000080023c8       0x12 ./Drivers/STM32F1xx_HAL_Driver/Src/stm32f1xx_hal_tim_ex.o
                0x00000000080023c8                HAL_TIMEx_CommutCallback
 .text.HAL_TIMEx_BreakCallback
                0x00000000080023da       0x12 ./Drivers/STM32F1xx_HAL_Driver/Src/stm32f1xx_hal_tim_ex.o
                0x00000000080023da                HAL_TIMEx_BreakCallback
 .text.__libc_init_array
                0x00000000080023ec       0x48 c:/st/stm32cubeide_1.7.0/stm32cubeide/plugins/com.st.stm32cube.ide.mcu.externaltools.gnu-tools-for-stm32.9-2020-q2-update.win32_2.0.0.202105311346/tools/bin/../lib/gcc/arm-none-eabi/9.3.1/../../../../arm-none-eabi/lib/thumb/v7-m/nofp\libc_nano.a(lib_a-init.o)
                0x00000000080023ec                __libc_init_array
 .text.memset   0x0000000008002434       0x10 c:/st/stm32cubeide_1.7.0/stm32cubeide/plugins/com.st.stm32cube.ide.mcu.externaltools.gnu-tools-for-stm32.9-2020-q2-update.win32_2.0.0.202105311346/tools/bin/../lib/gcc/arm-none-eabi/9.3.1/../../../../arm-none-eabi/lib/thumb/v7-m/nofp\libc_nano.a(lib_a-memset.o)
                0x0000000008002434                memset
 *(.glue_7)
 .glue_7        0x0000000008002444        0x0 linker stubs
 *(.glue_7t)
 .glue_7t       0x0000000008002444        0x0 linker stubs
 *(.eh_frame)
 .eh_frame      0x0000000008002444        0x0 c:/st/stm32cubeide_1.7.0/stm32cubeide/plugins/com.st.stm32cube.ide.mcu.externaltools.gnu-tools-for-stm32.9-2020-q2-update.win32_2.0.0.202105311346/tools/bin/../lib/gcc/arm-none-eabi/9.3.1/thumb/v7-m/nofp/crtbegin.o
 *(.init)
 .init          0x0000000008002444        0x4 c:/st/stm32cubeide_1.7.0/stm32cubeide/plugins/com.st.stm32cube.ide.mcu.externaltools.gnu-tools-for-stm32.9-2020-q2-update.win32_2.0.0.202105311346/tools/bin/../lib/gcc/arm-none-eabi/9.3.1/thumb/v7-m/nofp/crti.o
                0x0000000008002444                _init
 .init          0x0000000008002448        0x8 c:/st/stm32cubeide_1.7.0/stm32cubeide/plugins/com.st.stm32cube.ide.mcu.externaltools.gnu-tools-for-stm32.9-2020-q2-update.win32_2.0.0.202105311346/tools/bin/../lib/gcc/arm-none-eabi/9.3.1/thumb/v7-m/nofp/crtn.o
 *(.fini)
 .fini          0x0000000008002450        0x4 c:/st/stm32cubeide_1.7.0/stm32cubeide/plugins/com.st.stm32cube.ide.mcu.externaltools.gnu-tools-for-stm32.9-2020-q2-update.win32_2.0.0.202105311346/tools/bin/../lib/gcc/arm-none-eabi/9.3.1/thumb/v7-m/nofp/crti.o
                0x0000000008002450                _fini
 .fini          0x0000000008002454        0x8 c:/st/stm32cubeide_1.7.0/stm32cubeide/plugins/com.st.stm32cube.ide.mcu.externaltools.gnu-tools-for-stm32.9-2020-q2-update.win32_2.0.0.202105311346/tools/bin/../lib/gcc/arm-none-eabi/9.3.1/thumb/v7-m/nofp/crtn.o
                0x000000000800245c                . = ALIGN (0x4)
                0x000000000800245c                _etext = .

.vfp11_veneer   0x000000000800245c        0x0
 .vfp11_veneer  0x000000000800245c        0x0 linker stubs

.v4_bx          0x000000000800245c        0x0
 .v4_bx         0x000000000800245c        0x0 linker stubs

.iplt           0x000000000800245c        0x0
 .iplt          0x000000000800245c        0x0 c:/st/stm32cubeide_1.7.0/stm32cubeide/plugins/com.st.stm32cube.ide.mcu.externaltools.gnu-tools-for-stm32.9-2020-q2-update.win32_2.0.0.202105311346/tools/bin/../lib/gcc/arm-none-eabi/9.3.1/thumb/v7-m/nofp/crtbegin.o

.rodata         0x000000000800245c       0x24
                0x000000000800245c                . = ALIGN (0x4)
 *(.rodata)
 *(.rodata*)
 .rodata.AHBPrescTable
                0x000000000800245c       0x10 ./Core/Src/system_stm32f1xx.o
                0x000000000800245c                AHBPrescTable
 .rodata.aPLLMULFactorTable.6032
                0x000000000800246c       0x10 ./Drivers/STM32F1xx_HAL_Driver/Src/stm32f1xx_hal_rcc.o
 .rodata.aPredivFactorTable.6033
                0x000000000800247c        0x2 ./Drivers/STM32F1xx_HAL_Driver/Src/stm32f1xx_hal_rcc.o
                0x0000000008002480                . = ALIGN (0x4)
 *fill*         0x000000000800247e        0x2 

.rel.dyn        0x0000000008002480        0x0
 .rel.iplt      0x0000000008002480        0x0 c:/st/stm32cubeide_1.7.0/stm32cubeide/plugins/com.st.stm32cube.ide.mcu.externaltools.gnu-tools-for-stm32.9-2020-q2-update.win32_2.0.0.202105311346/tools/bin/../lib/gcc/arm-none-eabi/9.3.1/thumb/v7-m/nofp/crtbegin.o

.ARM.extab      0x0000000008002480        0x0
                0x0000000008002480                . = ALIGN (0x4)
 *(.ARM.extab* .gnu.linkonce.armextab.*)
                0x0000000008002480                . = ALIGN (0x4)

.ARM            0x0000000008002480        0x0
                0x0000000008002480                . = ALIGN (0x4)
                0x0000000008002480                __exidx_start = .
 *(.ARM.exidx*)
                0x0000000008002480                __exidx_end = .
                0x0000000008002480                . = ALIGN (0x4)

.preinit_array  0x0000000008002480        0x0
                0x0000000008002480                . = ALIGN (0x4)
                0x0000000008002480                PROVIDE (__preinit_array_start = .)
 *(.preinit_array*)
                0x0000000008002480                PROVIDE (__preinit_array_end = .)
                0x0000000008002480                . = ALIGN (0x4)

.init_array     0x0000000008002480        0x4
                0x0000000008002480                . = ALIGN (0x4)
                0x0000000008002480                PROVIDE (__init_array_start = .)
 *(SORT_BY_NAME(.init_array.*))
 *(.init_array*)
 .init_array    0x0000000008002480        0x4 c:/st/stm32cubeide_1.7.0/stm32cubeide/plugins/com.st.stm32cube.ide.mcu.externaltools.gnu-tools-for-stm32.9-2020-q2-update.win32_2.0.0.202105311346/tools/bin/../lib/gcc/arm-none-eabi/9.3.1/thumb/v7-m/nofp/crtbegin.o
                0x0000000008002484                PROVIDE (__init_array_end = .)
                0x0000000008002484                . = ALIGN (0x4)

.fini_array     0x0000000008002484        0x4
                0x0000000008002484                . = ALIGN (0x4)
                [!provide]                        PROVIDE (__fini_array_start = .)
 *(SORT_BY_NAME(.fini_array.*))
 *(.fini_array*)
 .fini_array    0x0000000008002484        0x4 c:/st/stm32cubeide_1.7.0/stm32cubeide/plugins/com.st.stm32cube.ide.mcu.externaltools.gnu-tools-for-stm32.9-2020-q2-update.win32_2.0.0.202105311346/tools/bin/../lib/gcc/arm-none-eabi/9.3.1/thumb/v7-m/nofp/crtbegin.o
                [!provide]                        PROVIDE (__fini_array_end = .)
                0x0000000008002488                . = ALIGN (0x4)
                0x0000000008002488                _sidata = LOADADDR (.data)

.data           0x0000000020000000       0x28 load address 0x0000000008002488
                0x0000000020000000                . = ALIGN (0x4)
                0x0000000020000000                _sdata = .
 *(.data)
 *(.data*)
 .data.buffer7SEG
                0x0000000020000000       0x10 ./Core/Src/led7_segment.o
                0x0000000020000000                buffer7SEG
 .data.SystemCoreClock
                0x0000000020000010        0x4 ./Core/Src/system_stm32f1xx.o
                0x0000000020000010                SystemCoreClock
 .data.timerRed
                0x0000000020000014        0x4 ./Core/Src/traffic_light.o
                0x0000000020000014                timerRed
 .data.timerYellow
                0x0000000020000018        0x4 ./Core/Src/traffic_light.o
                0x0000000020000018                timerYellow
 .data.timerGreen
                0x000000002000001c        0x4 ./Core/Src/traffic_light.o
                0x000000002000001c                timerGreen
 .data.uwTickPrio
                0x0000000020000020        0x4 ./Drivers/STM32F1xx_HAL_Driver/Src/stm32f1xx_hal.o
                0x0000000020000020                uwTickPrio
 .data.uwTickFreq
                0x0000000020000024        0x1 ./Drivers/STM32F1xx_HAL_Driver/Src/stm32f1xx_hal.o
                0x0000000020000024                uwTickFreq
 *(.RamFunc)
 *(.RamFunc*)
                0x0000000020000028                . = ALIGN (0x4)
 *fill*         0x0000000020000025        0x3 
                0x0000000020000028                _edata = .

.igot.plt       0x0000000020000028        0x0 load address 0x00000000080024b0
 .igot.plt      0x0000000020000028        0x0 c:/st/stm32cubeide_1.7.0/stm32cubeide/plugins/com.st.stm32cube.ide.mcu.externaltools.gnu-tools-for-stm32.9-2020-q2-update.win32_2.0.0.202105311346/tools/bin/../lib/gcc/arm-none-eabi/9.3.1/thumb/v7-m/nofp/crtbegin.o
                0x0000000020000028                . = ALIGN (0x4)

.bss            0x0000000020000028      0x4dc load address 0x00000000080024b0
                0x0000000020000028                _sbss = .
                0x0000000020000028                __bss_start__ = _sbss
 *(.bss)
 .bss           0x0000000020000028       0x1c c:/st/stm32cubeide_1.7.0/stm32cubeide/plugins/com.st.stm32cube.ide.mcu.externaltools.gnu-tools-for-stm32.9-2020-q2-update.win32_2.0.0.202105311346/tools/bin/../lib/gcc/arm-none-eabi/9.3.1/thumb/v7-m/nofp/crtbegin.o
 *(.bss*)
 .bss.cdX       0x0000000020000044        0x4 ./Core/Src/fsm_automatic.o
                0x0000000020000044                cdX
 .bss.cdY       0x0000000020000048        0x4 ./Core/Src/fsm_automatic.o
                0x0000000020000048                cdY
 .bss.status    0x000000002000004c        0x4 ./Core/Src/global.o
                0x000000002000004c                status
 *(COMMON)
 COMMON         0x0000000020000050      0x140 ./Core/Src/button.o
                0x0000000020000050                KeyReg3
                0x0000000020000078                KeyReg0
                0x00000000200000a0                KeyReg1
                0x00000000200000c8                TimeOutForKeyPress
                0x00000000200000f0                button_flag
                0x0000000020000118                button_pressed
                0x0000000020000140                KeyReg2
                0x0000000020000168                button_long_pressed
 COMMON         0x0000000020000190      0x370 ./Core/Src/main.o
                0x0000000020000190                Return_code
                0x0000000020000191                Error_code_G
                0x0000000020000194                SCH_tasks_G
                0x00000000200004b4                g
                0x00000000200004b8                htim2
 COMMON         0x0000000020000500        0x4 ./Drivers/STM32F1xx_HAL_Driver/Src/stm32f1xx_hal.o
                0x0000000020000500                uwTick
                0x0000000020000504                . = ALIGN (0x4)
                0x0000000020000504                _ebss = .
                0x0000000020000504                __bss_end__ = _ebss

._user_heap_stack
                0x0000000020000504      0x604 load address 0x00000000080024b0
                0x0000000020000508                . = ALIGN (0x8)
 *fill*         0x0000000020000504        0x4 
                [!provide]                        PROVIDE (end = .)
                0x0000000020000508                PROVIDE (_end = .)
                0x0000000020000708                . = (. + _Min_Heap_Size)
 *fill*         0x0000000020000508      0x200 
                0x0000000020000b08                . = (. + _Min_Stack_Size)
 *fill*         0x0000000020000708      0x400 
                0x0000000020000b08                . = ALIGN (0x8)

/DISCARD/
 libc.a(*)
 libm.a(*)
 libgcc.a(*)

.ARM.attributes
                0x0000000000000000       0x29
 *(.ARM.attributes)
 .ARM.attributes
                0x0000000000000000       0x1d c:/st/stm32cubeide_1.7.0/stm32cubeide/plugins/com.st.stm32cube.ide.mcu.externaltools.gnu-tools-for-stm32.9-2020-q2-update.win32_2.0.0.202105311346/tools/bin/../lib/gcc/arm-none-eabi/9.3.1/thumb/v7-m/nofp/crti.o
 .ARM.attributes
                0x000000000000001d       0x2d c:/st/stm32cubeide_1.7.0/stm32cubeide/plugins/com.st.stm32cube.ide.mcu.externaltools.gnu-tools-for-stm32.9-2020-q2-update.win32_2.0.0.202105311346/tools/bin/../lib/gcc/arm-none-eabi/9.3.1/thumb/v7-m/nofp/crtbegin.o
 .ARM.attributes
                0x000000000000004a       0x2d ./Core/Src/button.o
 .ARM.attributes
                0x0000000000000077       0x2d ./Core/Src/fsm_automatic.o
 .ARM.attributes
                0x00000000000000a4       0x33 ./Core/Src/global.o
 .ARM.attributes
                0x00000000000000d7       0x2d ./Core/Src/led7_segment.o
 .ARM.attributes
                0x0000000000000104       0x2d ./Core/Src/main.o
 .ARM.attributes
                0x0000000000000131       0x2d ./Core/Src/scheduler.o
 .ARM.attributes
                0x000000000000015e       0x2d ./Core/Src/stm32f1xx_hal_msp.o
 .ARM.attributes
                0x000000000000018b       0x2d ./Core/Src/stm32f1xx_it.o
 .ARM.attributes
                0x00000000000001b8       0x2d ./Core/Src/system_stm32f1xx.o
 .ARM.attributes
                0x00000000000001e5       0x2d ./Core/Src/traffic_light.o
 .ARM.attributes
                0x0000000000000212       0x21 ./Core/Startup/startup_stm32f103c6tx.o
 .ARM.attributes
                0x0000000000000233       0x2d ./Drivers/STM32F1xx_HAL_Driver/Src/stm32f1xx_hal.o
 .ARM.attributes
                0x0000000000000260       0x2d ./Drivers/STM32F1xx_HAL_Driver/Src/stm32f1xx_hal_cortex.o
 .ARM.attributes
                0x000000000000028d       0x2d ./Drivers/STM32F1xx_HAL_Driver/Src/stm32f1xx_hal_gpio.o
 .ARM.attributes
                0x00000000000002ba       0x2d ./Drivers/STM32F1xx_HAL_Driver/Src/stm32f1xx_hal_rcc.o
 .ARM.attributes
                0x00000000000002e7       0x2d ./Drivers/STM32F1xx_HAL_Driver/Src/stm32f1xx_hal_tim.o
 .ARM.attributes
                0x0000000000000314       0x2d ./Drivers/STM32F1xx_HAL_Driver/Src/stm32f1xx_hal_tim_ex.o
 .ARM.attributes
                0x0000000000000341       0x2d c:/st/stm32cubeide_1.7.0/stm32cubeide/plugins/com.st.stm32cube.ide.mcu.externaltools.gnu-tools-for-stm32.9-2020-q2-update.win32_2.0.0.202105311346/tools/bin/../lib/gcc/arm-none-eabi/9.3.1/../../../../arm-none-eabi/lib/thumb/v7-m/nofp\libc_nano.a(lib_a-init.o)
 .ARM.attributes
                0x000000000000036e       0x2d c:/st/stm32cubeide_1.7.0/stm32cubeide/plugins/com.st.stm32cube.ide.mcu.externaltools.gnu-tools-for-stm32.9-2020-q2-update.win32_2.0.0.202105311346/tools/bin/../lib/gcc/arm-none-eabi/9.3.1/../../../../arm-none-eabi/lib/thumb/v7-m/nofp\libc_nano.a(lib_a-memset.o)
 .ARM.attributes
                0x000000000000039b       0x1d c:/st/stm32cubeide_1.7.0/stm32cubeide/plugins/com.st.stm32cube.ide.mcu.externaltools.gnu-tools-for-stm32.9-2020-q2-update.win32_2.0.0.202105311346/tools/bin/../lib/gcc/arm-none-eabi/9.3.1/thumb/v7-m/nofp/crtn.o
OUTPUT(Main_Lab3.elf elf32-littlearm)
LOAD linker stubs
LOAD c:/st/stm32cubeide_1.7.0/stm32cubeide/plugins/com.st.stm32cube.ide.mcu.externaltools.gnu-tools-for-stm32.9-2020-q2-update.win32_2.0.0.202105311346/tools/bin/../lib/gcc/arm-none-eabi/9.3.1/../../../../arm-none-eabi/lib/thumb/v7-m/nofp\libc.a
LOAD c:/st/stm32cubeide_1.7.0/stm32cubeide/plugins/com.st.stm32cube.ide.mcu.externaltools.gnu-tools-for-stm32.9-2020-q2-update.win32_2.0.0.202105311346/tools/bin/../lib/gcc/arm-none-eabi/9.3.1/../../../../arm-none-eabi/lib/thumb/v7-m/nofp\libm.a
LOAD c:/st/stm32cubeide_1.7.0/stm32cubeide/plugins/com.st.stm32cube.ide.mcu.externaltools.gnu-tools-for-stm32.9-2020-q2-update.win32_2.0.0.202105311346/tools/bin/../lib/gcc/arm-none-eabi/9.3.1/thumb/v7-m/nofp\libgcc.a

.debug_info     0x0000000000000000     0x9aa3
 .debug_info    0x0000000000000000      0x3fa ./Core/Src/button.o
 .debug_info    0x00000000000003fa      0x2ec ./Core/Src/fsm_automatic.o
 .debug_info    0x00000000000006e6      0x28a ./Core/Src/global.o
 .debug_info    0x0000000000000970      0x3cc ./Core/Src/led7_segment.o
 .debug_info    0x0000000000000d3c      0xd66 ./Core/Src/main.o
 .debug_info    0x0000000000001aa2      0x330 ./Core/Src/scheduler.o
 .debug_info    0x0000000000001dd2      0xa09 ./Core/Src/stm32f1xx_hal_msp.o
 .debug_info    0x00000000000027db      0x7b9 ./Core/Src/stm32f1xx_it.o
 .debug_info    0x0000000000002f94      0x2be ./Core/Src/system_stm32f1xx.o
 .debug_info    0x0000000000003252      0x3e0 ./Core/Src/traffic_light.o
 .debug_info    0x0000000000003632       0x22 ./Core/Startup/startup_stm32f103c6tx.o
 .debug_info    0x0000000000003654      0x74c ./Drivers/STM32F1xx_HAL_Driver/Src/stm32f1xx_hal.o
 .debug_info    0x0000000000003da0      0xbbe ./Drivers/STM32F1xx_HAL_Driver/Src/stm32f1xx_hal_cortex.o
 .debug_info    0x000000000000495e      0x701 ./Drivers/STM32F1xx_HAL_Driver/Src/stm32f1xx_hal_gpio.o
 .debug_info    0x000000000000505f      0x893 ./Drivers/STM32F1xx_HAL_Driver/Src/stm32f1xx_hal_rcc.o
 .debug_info    0x00000000000058f2     0x2c32 ./Drivers/STM32F1xx_HAL_Driver/Src/stm32f1xx_hal_tim.o
 .debug_info    0x0000000000008524     0x157f ./Drivers/STM32F1xx_HAL_Driver/Src/stm32f1xx_hal_tim_ex.o

.debug_abbrev   0x0000000000000000     0x1cd9
 .debug_abbrev  0x0000000000000000      0x198 ./Core/Src/button.o
 .debug_abbrev  0x0000000000000198      0x101 ./Core/Src/fsm_automatic.o
 .debug_abbrev  0x0000000000000299       0xa9 ./Core/Src/global.o
 .debug_abbrev  0x0000000000000342      0x193 ./Core/Src/led7_segment.o
 .debug_abbrev  0x00000000000004d5      0x275 ./Core/Src/main.o
 .debug_abbrev  0x000000000000074a      0x190 ./Core/Src/scheduler.o
 .debug_abbrev  0x00000000000008da      0x1b7 ./Core/Src/stm32f1xx_hal_msp.o
 .debug_abbrev  0x0000000000000a91      0x176 ./Core/Src/stm32f1xx_it.o
 .debug_abbrev  0x0000000000000c07      0x14e ./Core/Src/system_stm32f1xx.o
 .debug_abbrev  0x0000000000000d55      0x153 ./Core/Src/traffic_light.o
 .debug_abbrev  0x0000000000000ea8       0x12 ./Core/Startup/startup_stm32f103c6tx.o
 .debug_abbrev  0x0000000000000eba      0x1ed ./Drivers/STM32F1xx_HAL_Driver/Src/stm32f1xx_hal.o
 .debug_abbrev  0x00000000000010a7      0x313 ./Drivers/STM32F1xx_HAL_Driver/Src/stm32f1xx_hal_cortex.o
 .debug_abbrev  0x00000000000013ba      0x1e8 ./Drivers/STM32F1xx_HAL_Driver/Src/stm32f1xx_hal_gpio.o
 .debug_abbrev  0x00000000000015a2      0x273 ./Drivers/STM32F1xx_HAL_Driver/Src/stm32f1xx_hal_rcc.o
 .debug_abbrev  0x0000000000001815      0x25e ./Drivers/STM32F1xx_HAL_Driver/Src/stm32f1xx_hal_tim.o
 .debug_abbrev  0x0000000000001a73      0x266 ./Drivers/STM32F1xx_HAL_Driver/Src/stm32f1xx_hal_tim_ex.o

.debug_aranges  0x0000000000000000      0xad0
 .debug_aranges
                0x0000000000000000       0x40 ./Core/Src/button.o
 .debug_aranges
                0x0000000000000040       0x28 ./Core/Src/fsm_automatic.o
 .debug_aranges
                0x0000000000000068       0x18 ./Core/Src/global.o
 .debug_aranges
                0x0000000000000080       0x50 ./Core/Src/led7_segment.o
 .debug_aranges
                0x00000000000000d0       0x48 ./Core/Src/main.o
 .debug_aranges
                0x0000000000000118       0x40 ./Core/Src/scheduler.o
 .debug_aranges
                0x0000000000000158       0x30 ./Core/Src/stm32f1xx_hal_msp.o
 .debug_aranges
                0x0000000000000188       0x68 ./Core/Src/stm32f1xx_it.o
 .debug_aranges
                0x00000000000001f0       0x28 ./Core/Src/system_stm32f1xx.o
 .debug_aranges
                0x0000000000000218       0x90 ./Core/Src/traffic_light.o
 .debug_aranges
                0x00000000000002a8       0x28 ./Core/Startup/startup_stm32f103c6tx.o
 .debug_aranges
                0x00000000000002d0       0xe0 ./Drivers/STM32F1xx_HAL_Driver/Src/stm32f1xx_hal.o
 .debug_aranges
                0x00000000000003b0      0x100 ./Drivers/STM32F1xx_HAL_Driver/Src/stm32f1xx_hal_cortex.o
 .debug_aranges
                0x00000000000004b0       0x58 ./Drivers/STM32F1xx_HAL_Driver/Src/stm32f1xx_hal_gpio.o
 .debug_aranges
                0x0000000000000508       0x90 ./Drivers/STM32F1xx_HAL_Driver/Src/stm32f1xx_hal_rcc.o
 .debug_aranges
                0x0000000000000598      0x3d0 ./Drivers/STM32F1xx_HAL_Driver/Src/stm32f1xx_hal_tim.o
 .debug_aranges
                0x0000000000000968      0x168 ./Drivers/STM32F1xx_HAL_Driver/Src/stm32f1xx_hal_tim_ex.o

.debug_ranges   0x0000000000000000      0x9c0
 .debug_ranges  0x0000000000000000       0x30 ./Core/Src/button.o
 .debug_ranges  0x0000000000000030       0x18 ./Core/Src/fsm_automatic.o
 .debug_ranges  0x0000000000000048       0x40 ./Core/Src/led7_segment.o
 .debug_ranges  0x0000000000000088       0x38 ./Core/Src/main.o
 .debug_ranges  0x00000000000000c0       0x30 ./Core/Src/scheduler.o
 .debug_ranges  0x00000000000000f0       0x20 ./Core/Src/stm32f1xx_hal_msp.o
 .debug_ranges  0x0000000000000110       0x58 ./Core/Src/stm32f1xx_it.o
 .debug_ranges  0x0000000000000168       0x18 ./Core/Src/system_stm32f1xx.o
 .debug_ranges  0x0000000000000180       0x80 ./Core/Src/traffic_light.o
 .debug_ranges  0x0000000000000200       0x20 ./Core/Startup/startup_stm32f103c6tx.o
 .debug_ranges  0x0000000000000220       0xd0 ./Drivers/STM32F1xx_HAL_Driver/Src/stm32f1xx_hal.o
 .debug_ranges  0x00000000000002f0       0xf0 ./Drivers/STM32F1xx_HAL_Driver/Src/stm32f1xx_hal_cortex.o
 .debug_ranges  0x00000000000003e0       0x48 ./Drivers/STM32F1xx_HAL_Driver/Src/stm32f1xx_hal_gpio.o
 .debug_ranges  0x0000000000000428       0x80 ./Drivers/STM32F1xx_HAL_Driver/Src/stm32f1xx_hal_rcc.o
 .debug_ranges  0x00000000000004a8      0x3c0 ./Drivers/STM32F1xx_HAL_Driver/Src/stm32f1xx_hal_tim.o
 .debug_ranges  0x0000000000000868      0x158 ./Drivers/STM32F1xx_HAL_Driver/Src/stm32f1xx_hal_tim_ex.o

.debug_macro    0x0000000000000000    0x16ee7
 .debug_macro   0x0000000000000000      0x1bb ./Core/Src/button.o
 .debug_macro   0x00000000000001bb      0xa9c ./Core/Src/button.o
 .debug_macro   0x0000000000000c57      0x215 ./Core/Src/button.o
 .debug_macro   0x0000000000000e6c       0x2e ./Core/Src/button.o
 .debug_macro   0x0000000000000e9a       0x22 ./Core/Src/button.o
 .debug_macro   0x0000000000000ebc       0x22 ./Core/Src/button.o
 .debug_macro   0x0000000000000ede       0x8e ./Core/Src/button.o
 .debug_macro   0x0000000000000f6c       0x51 ./Core/Src/button.o
 .debug_macro   0x0000000000000fbd      0x103 ./Core/Src/button.o
 .debug_macro   0x00000000000010c0       0x6a ./Core/Src/button.o
 .debug_macro   0x000000000000112a      0x1df ./Core/Src/button.o
 .debug_macro   0x0000000000001309       0x1c ./Core/Src/button.o
 .debug_macro   0x0000000000001325       0x22 ./Core/Src/button.o
 .debug_macro   0x0000000000001347       0xc3 ./Core/Src/button.o
 .debug_macro   0x000000000000140a      0xd23 ./Core/Src/button.o
 .debug_macro   0x000000000000212d     0xde75 ./Core/Src/button.o
 .debug_macro   0x000000000000ffa2       0x6d ./Core/Src/button.o
 .debug_macro   0x000000000001000f     0x34a2 ./Core/Src/button.o
 .debug_macro   0x00000000000134b1      0x174 ./Core/Src/button.o
 .debug_macro   0x0000000000013625       0x5c ./Core/Src/button.o
 .debug_macro   0x0000000000013681      0x5bc ./Core/Src/button.o
 .debug_macro   0x0000000000013c3d      0x1b7 ./Core/Src/button.o
 .debug_macro   0x0000000000013df4      0x1cb ./Core/Src/button.o
 .debug_macro   0x0000000000013fbf      0x114 ./Core/Src/button.o
 .debug_macro   0x00000000000140d3      0x1b2 ./Core/Src/button.o
 .debug_macro   0x0000000000014285       0x27 ./Core/Src/button.o
 .debug_macro   0x00000000000142ac      0x12f ./Core/Src/button.o
 .debug_macro   0x00000000000143db      0x1bc ./Core/Src/button.o
 .debug_macro   0x0000000000014597       0x34 ./Core/Src/button.o
 .debug_macro   0x00000000000145cb       0x3c ./Core/Src/button.o
 .debug_macro   0x0000000000014607       0x57 ./Core/Src/button.o
 .debug_macro   0x000000000001465e       0x87 ./Core/Src/button.o
 .debug_macro   0x00000000000146e5      0x183 ./Core/Src/button.o
 .debug_macro   0x0000000000014868      0x140 ./Core/Src/button.o
 .debug_macro   0x00000000000149a8      0x8ed ./Core/Src/button.o
 .debug_macro   0x0000000000015295       0x69 ./Core/Src/button.o
 .debug_macro   0x00000000000152fe      0x100 ./Core/Src/button.o
 .debug_macro   0x00000000000153fe       0x16 ./Core/Src/button.o
 .debug_macro   0x0000000000015414      0x1e6 ./Core/Src/fsm_automatic.o
 .debug_macro   0x00000000000155fa       0x1c ./Core/Src/fsm_automatic.o
 .debug_macro   0x0000000000015616       0x40 ./Core/Src/fsm_automatic.o
 .debug_macro   0x0000000000015656      0x1e2 ./Core/Src/global.o
 .debug_macro   0x0000000000015838      0x1ba ./Core/Src/led7_segment.o
 .debug_macro   0x00000000000159f2      0x221 ./Core/Src/main.o
 .debug_macro   0x0000000000015c13       0x2e ./Core/Src/main.o
 .debug_macro   0x0000000000015c41      0x1b5 ./Core/Src/scheduler.o
 .debug_macro   0x0000000000015df6       0x28 ./Core/Src/scheduler.o
 .debug_macro   0x0000000000015e1e      0x1a6 ./Core/Src/stm32f1xx_hal_msp.o
 .debug_macro   0x0000000000015fc4      0x1b0 ./Core/Src/stm32f1xx_it.o
 .debug_macro   0x0000000000016174      0x197 ./Core/Src/system_stm32f1xx.o
 .debug_macro   0x000000000001630b      0x1b0 ./Core/Src/traffic_light.o
 .debug_macro   0x00000000000164bb      0x1bb ./Drivers/STM32F1xx_HAL_Driver/Src/stm32f1xx_hal.o
 .debug_macro   0x0000000000016676      0x197 ./Drivers/STM32F1xx_HAL_Driver/Src/stm32f1xx_hal_cortex.o
 .debug_macro   0x000000000001680d      0x202 ./Drivers/STM32F1xx_HAL_Driver/Src/stm32f1xx_hal_gpio.o
 .debug_macro   0x0000000000016a0f      0x1a9 ./Drivers/STM32F1xx_HAL_Driver/Src/stm32f1xx_hal_rcc.o
 .debug_macro   0x0000000000016bb8      0x198 ./Drivers/STM32F1xx_HAL_Driver/Src/stm32f1xx_hal_tim.o
 .debug_macro   0x0000000000016d50      0x197 ./Drivers/STM32F1xx_HAL_Driver/Src/stm32f1xx_hal_tim_ex.o

.debug_line     0x0000000000000000     0xc0dd
 .debug_line    0x0000000000000000      0x7c5 ./Core/Src/button.o
 .debug_line    0x00000000000007c5      0x7d1 ./Core/Src/fsm_automatic.o
 .debug_line    0x0000000000000f96      0x692 ./Core/Src/global.o
 .debug_line    0x0000000000001628      0x775 ./Core/Src/led7_segment.o
 .debug_line    0x0000000000001d9d      0x811 ./Core/Src/main.o
 .debug_line    0x00000000000025ae      0x794 ./Core/Src/scheduler.o
 .debug_line    0x0000000000002d42      0x6a1 ./Core/Src/stm32f1xx_hal_msp.o
 .debug_line    0x00000000000033e3      0x73f ./Core/Src/stm32f1xx_it.o
 .debug_line    0x0000000000003b22      0x6e3 ./Core/Src/system_stm32f1xx.o
 .debug_line    0x0000000000004205      0x814 ./Core/Src/traffic_light.o
 .debug_line    0x0000000000004a19       0x86 ./Core/Startup/startup_stm32f103c6tx.o
 .debug_line    0x0000000000004a9f      0x910 ./Drivers/STM32F1xx_HAL_Driver/Src/stm32f1xx_hal.o
 .debug_line    0x00000000000053af      0xaf8 ./Drivers/STM32F1xx_HAL_Driver/Src/stm32f1xx_hal_cortex.o
 .debug_line    0x0000000000005ea7      0x993 ./Drivers/STM32F1xx_HAL_Driver/Src/stm32f1xx_hal_gpio.o
 .debug_line    0x000000000000683a      0xd1c ./Drivers/STM32F1xx_HAL_Driver/Src/stm32f1xx_hal_rcc.o
 .debug_line    0x0000000000007556     0x3361 ./Drivers/STM32F1xx_HAL_Driver/Src/stm32f1xx_hal_tim.o
 .debug_line    0x000000000000a8b7     0x1826 ./Drivers/STM32F1xx_HAL_Driver/Src/stm32f1xx_hal_tim_ex.o

.debug_str      0x0000000000000000    0x825b4
 .debug_str     0x0000000000000000    0x7f842 ./Core/Src/button.o
                                      0x7fba7 (size before relaxing)
 .debug_str     0x000000000007f842      0x144 ./Core/Src/fsm_automatic.o
                                      0x7fc83 (size before relaxing)
 .debug_str     0x000000000007f986       0x15 ./Core/Src/global.o
                                      0x7fc44 (size before relaxing)
 .debug_str     0x000000000007f99b       0x76 ./Core/Src/led7_segment.o
                                      0x7fba3 (size before relaxing)
 .debug_str     0x000000000007fa11      0x7e4 ./Core/Src/main.o
                                      0x8050a (size before relaxing)
 .debug_str     0x00000000000801f5       0x77 ./Core/Src/scheduler.o
                                      0x7fbc0 (size before relaxing)
 .debug_str     0x000000000008026c      0x2ba ./Core/Src/stm32f1xx_hal_msp.o
                                      0x80292 (size before relaxing)
 .debug_str     0x0000000000080526       0xcd ./Core/Src/stm32f1xx_it.o
                                      0x7fff4 (size before relaxing)
 .debug_str     0x00000000000805f3       0x52 ./Core/Src/system_stm32f1xx.o
                                      0x7f788 (size before relaxing)
 .debug_str     0x0000000000080645       0xf6 ./Core/Src/traffic_light.o
                                      0x7fbe6 (size before relaxing)
 .debug_str     0x000000000008073b       0x36 ./Core/Startup/startup_stm32f103c6tx.o
                                         0x7c (size before relaxing)
 .debug_str     0x0000000000080771      0x304 ./Drivers/STM32F1xx_HAL_Driver/Src/stm32f1xx_hal.o
                                      0x7fddf (size before relaxing)
 .debug_str     0x0000000000080a75      0x300 ./Drivers/STM32F1xx_HAL_Driver/Src/stm32f1xx_hal_cortex.o
                                      0x7fde7 (size before relaxing)
 .debug_str     0x0000000000080d75      0x324 ./Drivers/STM32F1xx_HAL_Driver/Src/stm32f1xx_hal_gpio.o
                                      0x7fb4c (size before relaxing)
 .debug_str     0x0000000000081099      0x24f ./Drivers/STM32F1xx_HAL_Driver/Src/stm32f1xx_hal_rcc.o
                                      0x7fb85 (size before relaxing)
 .debug_str     0x00000000000812e8      0xdde ./Drivers/STM32F1xx_HAL_Driver/Src/stm32f1xx_hal_tim.o
                                      0x80b6e (size before relaxing)
 .debug_str     0x00000000000820c6      0x4ee ./Drivers/STM32F1xx_HAL_Driver/Src/stm32f1xx_hal_tim_ex.o
                                      0x8030f (size before relaxing)

.comment        0x0000000000000000       0x53
 .comment       0x0000000000000000       0x53 ./Core/Src/button.o
                                         0x54 (size before relaxing)
 .comment       0x0000000000000053       0x54 ./Core/Src/fsm_automatic.o
 .comment       0x0000000000000053       0x54 ./Core/Src/global.o
 .comment       0x0000000000000053       0x54 ./Core/Src/led7_segment.o
 .comment       0x0000000000000053       0x54 ./Core/Src/main.o
 .comment       0x0000000000000053       0x54 ./Core/Src/scheduler.o
 .comment       0x0000000000000053       0x54 ./Core/Src/stm32f1xx_hal_msp.o
 .comment       0x0000000000000053       0x54 ./Core/Src/stm32f1xx_it.o
 .comment       0x0000000000000053       0x54 ./Core/Src/system_stm32f1xx.o
 .comment       0x0000000000000053       0x54 ./Core/Src/traffic_light.o
 .comment       0x0000000000000053       0x54 ./Drivers/STM32F1xx_HAL_Driver/Src/stm32f1xx_hal.o
 .comment       0x0000000000000053       0x54 ./Drivers/STM32F1xx_HAL_Driver/Src/stm32f1xx_hal_cortex.o
 .comment       0x0000000000000053       0x54 ./Drivers/STM32F1xx_HAL_Driver/Src/stm32f1xx_hal_gpio.o
 .comment       0x0000000000000053       0x54 ./Drivers/STM32F1xx_HAL_Driver/Src/stm32f1xx_hal_rcc.o
 .comment       0x0000000000000053       0x54 ./Drivers/STM32F1xx_HAL_Driver/Src/stm32f1xx_hal_tim.o
 .comment       0x0000000000000053       0x54 ./Drivers/STM32F1xx_HAL_Driver/Src/stm32f1xx_hal_tim_ex.o

.debug_frame    0x0000000000000000     0x2aa0
 .debug_frame   0x0000000000000000       0xd4 ./Core/Src/button.o
 .debug_frame   0x00000000000000d4       0x50 ./Core/Src/fsm_automatic.o
 .debug_frame   0x0000000000000124      0x104 ./Core/Src/led7_segment.o
 .debug_frame   0x0000000000000228       0xd4 ./Core/Src/main.o
 .debug_frame   0x00000000000002fc       0xd0 ./Core/Src/scheduler.o
 .debug_frame   0x00000000000003cc       0x80 ./Core/Src/stm32f1xx_hal_msp.o
 .debug_frame   0x000000000000044c      0x120 ./Core/Src/stm32f1xx_it.o
 .debug_frame   0x000000000000056c       0x58 ./Core/Src/system_stm32f1xx.o
 .debug_frame   0x00000000000005c4      0x1e4 ./Core/Src/traffic_light.o
 .debug_frame   0x00000000000007a8      0x334 ./Drivers/STM32F1xx_HAL_Driver/Src/stm32f1xx_hal.o
 .debug_frame   0x0000000000000adc      0x428 ./Drivers/STM32F1xx_HAL_Driver/Src/stm32f1xx_hal_cortex.o
 .debug_frame   0x0000000000000f04      0x14c ./Drivers/STM32F1xx_HAL_Driver/Src/stm32f1xx_hal_gpio.o
 .debug_frame   0x0000000000001050      0x218 ./Drivers/STM32F1xx_HAL_Driver/Src/stm32f1xx_hal_rcc.o
 .debug_frame   0x0000000000001268     0x11b4 ./Drivers/STM32F1xx_HAL_Driver/Src/stm32f1xx_hal_tim.o
 .debug_frame   0x000000000000241c      0x638 ./Drivers/STM32F1xx_HAL_Driver/Src/stm32f1xx_hal_tim_ex.o
 .debug_frame   0x0000000000002a54       0x2c c:/st/stm32cubeide_1.7.0/stm32cubeide/plugins/com.st.stm32cube.ide.mcu.externaltools.gnu-tools-for-stm32.9-2020-q2-update.win32_2.0.0.202105311346/tools/bin/../lib/gcc/arm-none-eabi/9.3.1/../../../../arm-none-eabi/lib/thumb/v7-m/nofp\libc_nano.a(lib_a-init.o)
 .debug_frame   0x0000000000002a80       0x20 c:/st/stm32cubeide_1.7.0/stm32cubeide/plugins/com.st.stm32cube.ide.mcu.externaltools.gnu-tools-for-stm32.9-2020-q2-update.win32_2.0.0.202105311346/tools/bin/../lib/gcc/arm-none-eabi/9.3.1/../../../../arm-none-eabi/lib/thumb/v7-m/nofp\libc_nano.a(lib_a-memset.o)
